458461
477202
74
119560
810431
207000
186
574131
366956
276
4700
820396
280188
727
868
451076
848815
726718
258014
870
949
1278
524189
58212
508652
1354
1355
1683
620804
931651
701993
284878
404141
1843
968125
418993
655371
1922
192334
25563
181044
969067
48646
1982
2048
352117
898343
2483
82406
362397
2503
576977
674330
2645
2717
387049
2717
72800
435673
3040
3062
339075
570457
3117
785732
740176
788244
646521
3232
189244
3493
554159
159505
484461
989357
360557
3803
887419
611849
679678
446997
999062
251068
127889
4394
654237
4814
213512
5616
708939
495406
485954
249069
261958
859518
240974
6691
644633
5647
373390
5672
327263
133566
757788
17611
123806
121405
413227
204431
6071
93945
6126
6228
6812
538716
47360
762613
