634
1427
618857
1803
2305
2641
3326
3335
3985
4724
295878
4948
7203
7658
7791
8097
960773
966877
579498
378474
8546
8582
9490
444106
9936
11231
11744
11983
147542
12996
14296
14677
14879
624060
15004
15199
15264
15268
15422
15561
706889
662717
15710
15743
15809
543766
16638
17466
17825
17959
18147
19749
19824
20070
20413
20490
20655
21599
21629
22868
22992
23703
23718
24878
24893
25076
26064
26130
932897
26702
868466
27945
17614
28363
30493
31353
31509
32522
32572
678758
32709
