999602
999222
999780
998372
998244
997992
998727
999650
998586
999238
999463
997984
997670
997617
999122
999452
998937
998381
998609
997496
997242
997815
996599
996955
997727
996601
996258
996361
997563
995802
996188
997015
996673
995668
996383
996255
995599
995431
996227
997172
994900
995529
995260
994941
996168
994798
994436
995729
998292
998498
994289
995051
995510
993611
997229
994481
994555
992925
996928
993502
992332
992192
995562
993902
992507
993595
992188
993785
993554
995317
991789
991899
991231
992079
992547
994810
991494
