933205
672400
352883
243
964226
364
241488
370
462
856
831060
416556
644020
925
470033
676723
687723
560450
1047
1583
392568
268856
1679
1715
789841
1830
440395
628671
47227
703884
1943
